2026-09-03 11:48:57,295 INFO o.a.j.u.JMeterUtils: Setting Locale to en_EN
2026-09-03 11:48:57,316 INFO o.a.j.JMeter: Loading user properties from: C:\Users\srik2\Desktop\College\System Design\tools\apache-jmeter-5.6.3\bin\user.properties
2026-09-03 11:48:57,317 INFO o.a.j.JMeter: Loading system properties from: C:\Users\srik2\Desktop\College\System Design\tools\apache-jmeter-5.6.3\bin\system.properties
2026-09-03 11:48:57,323 INFO o.a.j.JMeter: Copyright (c) 1998-2024 The Apache Software Foundation
2026-09-03 11:48:57,324 INFO o.a.j.JMeter: Version 5.6.3
2026-09-03 11:48:57,324 INFO o.a.j.JMeter: java.version=21.0.11
2026-09-03 11:48:57,324 INFO o.a.j.JMeter: java.vm.name=OpenJDK 64-Bit Server VM
2026-09-03 11:48:57,324 INFO o.a.j.JMeter: os.name=Windows 11
2026-09-03 11:48:57,324 INFO o.a.j.JMeter: os.arch=amd64
2026-09-03 11:48:57,324 INFO o.a.j.JMeter: os.version=10.0
2026-09-03 11:48:57,324 INFO o.a.j.JMeter: file.encoding=UTF-8
2026-09-03 11:48:57,324 INFO o.a.j.JMeter: java.awt.headless=null
2026-09-03 11:48:57,324 INFO o.a.j.JMeter: Max memory     =1073741824
2026-09-03 11:48:57,324 INFO o.a.j.JMeter: Available Processors =16
2026-09-03 11:48:57,332 INFO o.a.j.JMeter: Default Locale=English (EN)
2026-09-03 11:48:57,333 INFO o.a.j.JMeter: JMeter  Locale=English (EN)
2026-09-03 11:48:57,333 INFO o.a.j.JMeter: JMeterHome=C:\Users\srik2\Desktop\College\System Design\tools\apache-jmeter-5.6.3
2026-09-03 11:48:57,333 INFO o.a.j.JMeter: user.dir  =C:\Users\srik2\Desktop\College\System Design\exp7\autocomplete
2026-09-03 11:48:57,333 INFO o.a.j.JMeter: PWD       =C:\Users\srik2\Desktop\College\System Design\exp7\autocomplete
2026-09-03 11:48:57,338 INFO o.a.j.JMeter: IP: 10.56.29.86 Name: JOS FullName: host.docker.internal
2026-09-03 11:48:57,356 INFO o.a.j.JMeter: Loaded icon properties from org/apache/jmeter/images/icon.properties
2026-09-03 11:48:57,504 INFO o.a.j.JMeterGuiLauncher: Setting LAF to: com.github.weisj.darklaf.DarkLaf:com.github.weisj.darklaf.theme.DarculaTheme
2026-09-03 11:48:58,824 INFO o.a.j.JMeterGuiLauncher: Loading file: jmeter-test.jmx
2026-09-03 11:48:58,826 INFO o.a.j.s.FileServer: Default base='C:\Users\srik2\Desktop\College\System Design\exp7\autocomplete'
2026-09-03 11:48:58,826 INFO o.a.j.s.FileServer: Set new base='C:\Users\srik2\Desktop\College\System Design\exp7\autocomplete'
2026-09-03 11:48:59,138 INFO o.a.j.s.SaveService: Testplan (JMX) version: 2.2. Testlog (JTL) version: 2.2
2026-09-03 11:48:59,166 INFO o.a.j.s.SaveService: Using SaveService properties version 5.0
2026-09-03 11:48:59,170 INFO o.a.j.s.SaveService: Using SaveService properties file encoding UTF-8
2026-09-03 11:48:59,173 INFO o.a.j.s.SaveService: Loading file: jmeter-test.jmx
2026-09-03 11:48:59,209 INFO o.a.j.p.h.s.HTTPSamplerBase: Parser for text/html is org.apache.jmeter.protocol.http.parser.LagartoBasedHtmlParser
2026-09-03 11:48:59,209 INFO o.a.j.p.h.s.HTTPSamplerBase: Parser for application/xhtml+xml is org.apache.jmeter.protocol.http.parser.LagartoBasedHtmlParser
2026-09-03 11:48:59,209 INFO o.a.j.p.h.s.HTTPSamplerBase: Parser for application/xml is org.apache.jmeter.protocol.http.parser.LagartoBasedHtmlParser
2026-09-03 11:48:59,209 INFO o.a.j.p.h.s.HTTPSamplerBase: Parser for text/xml is org.apache.jmeter.protocol.http.parser.LagartoBasedHtmlParser
2026-09-03 11:48:59,209 INFO o.a.j.p.h.s.HTTPSamplerBase: Parser for text/vnd.wap.wml is org.apache.jmeter.protocol.http.parser.RegexpHTMLParser
2026-09-03 11:48:59,210 INFO o.a.j.p.h.s.HTTPSamplerBase: Parser for text/css is org.apache.jmeter.protocol.http.parser.CssParser
2026-09-03 11:48:59,227 INFO o.a.j.s.FileServer: Set new base='C:\Users\srik2\Desktop\College\System Design\exp7\autocomplete'
2026-09-03 11:48:59,432 INFO o.a.j.s.SampleResult: Note: Sample TimeStamps are START times
2026-09-03 11:48:59,433 INFO o.a.j.s.SampleResult: sampleresult.default.encoding is set to UTF-8
2026-09-03 11:48:59,433 INFO o.a.j.s.SampleResult: sampleresult.useNanoTime=true
2026-09-03 11:48:59,433 INFO o.a.j.s.SampleResult: sampleresult.nanoThreadSleep=5000
